
> taggedviewer@0.1.6 test:unit
> npm run lint && vitest run


> taggedviewer@0.1.6 lint
> eslint . --ext ts,tsx --report-unused-disable-directives --max-warnings 0

The CJS build of Vite's Node API is deprecated. See https://vite.dev/guide/troubleshooting.html#vite-cjs-node-api-deprecated for more details.

[1m[46m RUN [49m[22m [36mv4.0.16 [39m[90mF:/codes/antigravity/taggedviewer[39m

[90mstdout[2m | src/main/integrity.test.ts[2m > [22m[2mBuild Integrity & Runtime Check[2m > [22m[2mshould be able to tag a real image via wd14.ts
[22m[39m[WD14 Manager] Spawning self as worker: F:\codes\antigravity\taggedviewer\out\main\index.js
[WD14 Manager] utilityProcess not available, falling back to child_process.fork

[90mstdout[2m | src/main/integrity.test.ts[2m > [22m[2mBuild Integrity & Runtime Check[2m > [22m[2mshould be able to tag a real image via wd14.ts
[22m[39m[WD14 Manager] Worker is READY

[90mstdout[2m | src/main/integrity.test.ts[2m > [22m[2mBuild Integrity & Runtime Check[2m > [22m[2mshould be able to tag a real image via wd14.ts
[22m[39m[WD14 Manager] Sending TAG_IMAGE for: F:\codes\antigravity\taggedviewer\testimage\sfw.png (id: ftw8j8)

[Worker] Started and listening...
[Worker] Received message type: TAG_IMAGE (id: ftw8j8)
[Worker] Processing TAG_IMAGE for: F:\codes\antigravity\taggedviewer\testimage\sfw.png
[Worker] Loading onnxruntime-node...
[Worker] Loading sharp...
[Worker] Initializing ONNX InferenceSession (this may take a few seconds)...
[90mstdout[2m | src/main/services/QueueService.test.ts[2m > [22m[2mQueueService[2m > [22m[2mshould process images in the queue and use bulk insertion
[22m[39m[QueueService] Found 2 unprocessed images. Initial Threads: 1
[QueueService] Worker 0 started.

 [32m笨・[39m src/main/services/MetadataService.test.ts [2m([22m[2m4 tests[22m[2m)[22m[32m 14[2mms[22m[39m
[90mstdout[2m | src/main/services/QueueService.test.ts[2m > [22m[2mQueueService[2m > [22m[2mshould stop when thread count is reduced
[22m[39m[QueueService] Found 10 unprocessed images. Initial Threads: 2
[QueueService] Worker 0 started.
[QueueService] Worker 1 started.

stderr | src/renderer/src/components/Gallery/ImageViewer.test.tsx > ImageViewer > renders image and handles closing
Warning: An update to ImageViewer inside a test was not wrapped in act(...).

When testing, code that causes React state updates should be wrapped into act(...):

act(() => {
  /* fire events that update state */
});
/* assert on the output */

This ensures that you're testing the behavior the user would see in the browser. Learn more at https://reactjs.org/link/wrap-tests-with-act
    at ImageViewer (F:/codes/antigravity/taggedviewer/src/renderer/src/components/Gallery/ImageViewer.tsx:11:3)

stderr | src/renderer/src/components/Gallery/ImageViewer.test.tsx > ImageViewer > toggles detail pane on image area click
Warning: An update to ImageViewer inside a test was not wrapped in act(...).

When testing, code that causes React state updates should be wrapped into act(...):

act(() => {
  /* fire events that update state */
});
/* assert on the output */

This ensures that you're testing the behavior the user would see in the browser. Learn more at https://reactjs.org/link/wrap-tests-with-act
    at ImageViewer (F:/codes/antigravity/taggedviewer/src/renderer/src/components/Gallery/ImageViewer.tsx:11:3)

stderr | src/renderer/src/components/Gallery/ImageViewer.test.tsx > ImageViewer > calls onPrev and onNext when arrows are clicked
Warning: An update to ImageViewer inside a test was not wrapped in act(...).

When testing, code that causes React state updates should be wrapped into act(...):

act(() => {
  /* fire events that update state */
});
/* assert on the output */

This ensures that you're testing the behavior the user would see in the browser. Learn more at https://reactjs.org/link/wrap-tests-with-act
    at ImageViewer (F:/codes/antigravity/taggedviewer/src/renderer/src/components/Gallery/ImageViewer.tsx:11:3)

 [32m笨・[39m src/main/services/QueueService.test.ts [2m([22m[2m2 tests[22m[2m)[22m[33m 1039[2mms[22m[39m
     [33m[2m笨・[22m[39m should process images in the queue and use bulk insertion [33m 528[2mms[22m[39m
     [33m[2m笨・[22m[39m should stop when thread count is reduced [33m 506[2mms[22m[39m
 [32m笨・[39m src/renderer/src/components/Gallery/ImageViewer.test.tsx [2m([22m[2m4 tests[22m[2m)[22m[32m 223[2mms[22m[39m
 [32m笨・[39m src/renderer/src/App.test.tsx [2m([22m[2m1 test[22m[2m)[22m[32m 229[2mms[22m[39m
 [32m笨・[39m src/renderer/src/components/SettingsModal/SettingsModal.test.tsx [2m([22m[2m5 tests[22m[2m)[22m[33m 545[2mms[22m[39m
     [33m[2m笨・[22m[39m calls onUpdateThreadCount when slider changes [33m 381[2mms[22m[39m
 [32m笨・[39m src/renderer/src/components/Sidebar/Sidebar.test.tsx [2m([22m[2m3 tests[22m[2m)[22m[33m 651[2mms[22m[39m
     [33m[2m笨・[22m[39m renders a star button to toggle favorites [33m 367[2mms[22m[39m
[Worker] ONNX InferenceSession ready.
[Worker] Image preprocessing...
[Worker] Running inference...
[Worker] Done. Found 22 tags.
[90mstdout[2m | src/main/integrity.test.ts[2m > [22m[2mBuild Integrity & Runtime Check[2m > [22m[2mshould be able to tag a real image via wd14.ts
[22m[39m[WD14 Manager] Received result for id: ftw8j8 (22 tags)

[90mstdout[2m | src/main/integrity.test.ts[2m > [22m[2mBuild Integrity & Runtime Check[2m > [22m[2mshould be able to tag a real image via wd14.ts
[22m[39m[Integration Test Result] Tags: [
  [32m'general'[39m,              [32m'1girl'[39m,
  [32m'solo'[39m,                 [32m'breasts'[39m,
  [32m'blush'[39m,                [32m'short_hair'[39m,
  [32m'open_mouth'[39m,           [32m'bangs'[39m,
  [32m'brown_hair'[39m,           [32m'long_sleeves'[39m,
  [32m'brown_eyes'[39m,           [32m'tail'[39m,
  [32m'sweat'[39m,                [32m'glasses'[39m,
  [32m'fang'[39m,                 [32m'dark_skin'[39m,
  [32m'hood'[39m,                 [32m'dark-skinned_female'[39m,
  [32m'hands_up'[39m,             [32m'hoodie'[39m,
  [32m'black-framed_eyewear'[39m, [32m'animal_costume'[39m
]

[90mstdout[2m | src/main/integrity.test.ts[2m > [22m[2mBuild Integrity & Runtime Check[2m > [22m[2mshould be able to import and call syncLibrary without MODULE_NOT_FOUND
[22m[39m[DB] Applying migration: Add file_modified_at column

 [31m笶ｯ[39m src/main/integrity.test.ts [2m([22m[2m6 tests[22m[2m | [22m[31m1 failed[39m[2m)[22m[33m 24106[2mms[22m[39m
     [32m笨・[39m should have main index.js in the correct location[32m 3[2mms[22m[39m
     [33m[2m笨・[22m[39m should be able to tag a real image via wd14.ts [33m 3865[2mms[22m[39m
     [33m[2m笨・[22m[39m should be able to start in worker mode without crashing on imports [33m 20027[2mms[22m[39m
     [32m笨・[39m should be able to load main app without module errors[32m 183[2mms[22m[39m
     [32m笨・[39m should be able to import wd14 and handle forking[32m 0[2mms[22m[39m
[31m     [31mﾃ・[31m should be able to import and call syncLibrary without MODULE_NOT_FOUND[39m[32m 25[2mms[22m[39m

竡ｯ竡ｯ竡ｯ竡ｯ竡ｯ竡ｯ竡ｯ Failed Tests 1 竡ｯ竡ｯ竡ｯ竡ｯ竡ｯ竡ｯ竡ｯ

 FAIL  src/main/integrity.test.ts > Build Integrity & Runtime Check > should be able to import and call syncLibrary without MODULE_NOT_FOUND
SyntaxError: "undefined" is not valid JSON
 笶ｯ Object.get src/main/db.ts:486:37
    484|     const libRow = db.prepare('SELECT value FROM settings WHERE key = 窶ｦ
    485|     const settings: Settings = {
    486|       threadCount: threadRow ? JSON.parse(threadRow.value) : 2,
       |                                     ^
    487|       language: langRow ? JSON.parse(langRow.value) : 'en',
    488|       libraryPath: libRow ? JSON.parse(libRow.value) : undefined,
 笶ｯ Object.run src/main/db.ts:588:40
 笶ｯ src/main/integrity.test.ts:144:41

竡ｯ竡ｯ竡ｯ竡ｯ竡ｯ竡ｯ竡ｯ竡ｯ竡ｯ竡ｯ竡ｯ竡ｯ竡ｯ竡ｯ竡ｯ竡ｯ竡ｯ竡ｯ竡ｯ竡ｯ竡ｯ竡ｯ竡ｯ竡ｯ[1/1]竡ｯ


[2m Test Files [22m [1m[31m1 failed[39m[22m[2m | [22m[1m[32m6 passed[39m[22m[90m (7)[39m
[2m      Tests [22m [1m[31m1 failed[39m[22m[2m | [22m[1m[32m24 passed[39m[22m[90m (25)[39m
[2m   Start at [22m 03:06:18
[2m   Duration [22m 30.97s[2m (transform 886ms, setup 6.36s, import 5.18s, tests 26.81s, environment 37.38s)[22m

